INVOICE:77 JSON:[{"description":"New installation","qty":1,"rate":120,"discount":0,"amount":120},{"description":"","qty":1,"rate":0,"discount":0,"amount":0}]
INVOICE:77 JSON:[{"description":"Brake removal","qty":1,"rate":10,"discount":0,"amount":10},{"description":"","qty":1,"rate":0,"discount":0,"amount":0}]
INVOICE:77 JSON:[{"description":"Injectors","qty":1,"rate":10,"discount":0,"amount":10},{"description":"","qty":1,"rate":0,"discount":0,"amount":0}]
INVOICE:78 JSON:[{"description":"New installation","qty":1,"rate":120,"discount":0,"amount":120},{"description":"","qty":1,"rate":0,"discount":0,"amount":0}]
INVOICE:78 JSON:[{"description":"Brake removal","qty":1,"rate":10,"discount":0,"amount":10}]
INVOICE:79 JSON:[{"description":"New installation","qty":1,"rate":120,"discount":0,"amount":120},{"description":"Brake removal","qty":1,"rate":10,"discount":0,"amount":10},{"description":"","qty":1,"rate":0,"discount":0,"amount":0}]
INVOICE:80 JSON:[{"description":"New installation","qty":1,"rate":120,"discount":0,"amount":120},{"description":"Brake removal","qty":1,"rate":10,"discount":0,"amount":10},{"description":"","qty":1,"rate":0,"discount":0,"amount":0}]
INVOICE:80 JSON:[{"description":"New installation","qty":1,"rate":120,"discount":0,"amount":120}]
INVOICE:81 JSON:[{"description":"New installation","qty":1,"rate":120,"discount":0,"amount":120},{"description":"Brake removal","qty":1,"rate":10,"discount":0,"amount":10}]
INVOICE:81 JSON:[{"description":"New installation","qty":1,"rate":120,"discount":0,"amount":120}]
INVOICE:82 JSON:[{"description":"New installation","qty":1,"rate":120,"discount":0,"amount":120}]
INVOICE:83 JSON:[{"description":"New installation","qty":1,"rate":120,"discount":0,"amount":120},{"description":"Brake Adjustments","qty":1,"rate":20,"discount":0,"amount":20}]
INVOICE:84 JSON:[{"description":"New installation","qty":1,"rate":120,"discount":0,"amount":120}]
INVOICE:85 JSON:[{"description":"New installation","qty":1,"rate":120,"discount":0,"amount":120}]
INVOICE:87 JSON:[{"description":"New installation","qty":1,"rate":120,"discount":0,"amount":120}]
INVOICE:88 JSON:[{"description":"New installation","qty":1,"rate":120,"discount":0,"amount":120}]
INVOICE:89 JSON:[{"description":"New installation","qty":1,"rate":120,"discount":0,"amount":120}]
INVOICE:90 JSON:[{"description":"New installation","qty":1,"rate":120,"discount":0,"amount":120},{"description":"","qty":1,"rate":0,"discount":0,"amount":0}]
INVOICE:91 JSON:[{"description":"New installation","qty":1,"rate":120,"discount":0,"amount":120},{"description":"","qty":1,"rate":0,"discount":0,"amount":0}]
INVOICE:92 JSON:[{"description":"New installation","qty":1,"rate":120,"discount":0,"amount":120}]
INVOICE:93 JSON:[{"description":"New installation","qty":1,"rate":120,"discount":0,"amount":120}]
INVOICE:94 JSON:[{"description":"New installation","qty":1,"rate":120,"discount":0,"amount":120},{"description":"","qty":1,"rate":0,"discount":0,"amount":0}]
INVOICE:95 JSON:[{"description":"New installation","qty":1,"rate":120,"discount":0,"amount":120},{"description":"","qty":1,"rate":0,"discount":0,"amount":0}]
INVOICE:96 JSON:[{"description":"New installation","qty":1,"rate":120,"discount":0,"amount":120},{"description":"","qty":1,"rate":0,"discount":0,"amount":0}]
INVOICE:97 JSON:[{"description":"New installation","qty":1,"rate":120,"discount":0,"amount":120},{"description":"","qty":1,"rate":0,"discount":0,"amount":0}]
INVOICE:98 JSON:[{"description":"New installation","qty":1,"rate":120,"discount":0,"amount":120},{"description":"","qty":1,"rate":0,"discount":0,"amount":0}]
INVOICE:99 JSON:[{"description":"New installation","qty":1,"rate":120,"discount":0,"amount":120},{"description":"","qty":1,"rate":0,"discount":0,"amount":0}]
INVOICE:100 JSON:[{"description":"New installation","qty":1,"rate":120,"discount":0,"amount":120},{"description":"","qty":1,"rate":0,"discount":0,"amount":0}]
INVOICE:101 JSON:[{"description":"New installation","qty":1,"rate":120,"discount":0,"amount":120},{"description":"","qty":1,"rate":0,"discount":0,"amount":0}]
INVOICE:102 JSON:[{"description":"New installation","qty":1,"rate":120,"discount":0,"amount":120}]
INVOICE:103 JSON:[{"description":"New installation","qty":1,"rate":120,"discount":0,"amount":120},{"description":"","qty":1,"rate":0,"discount":0,"amount":0}]
INVOICE:104 JSON:[{"description":"New installation","qty":1,"rate":120,"discount":0,"amount":120},{"description":"","qty":1,"rate":0,"discount":0,"amount":0}]
INVOICE:105 JSON:[{"description":"New installation","qty":1,"rate":120,"discount":0,"amount":120},{"description":"","qty":1,"rate":0,"discount":0,"amount":0}]
INVOICE:106 JSON:[{"description":"New installation","qty":1,"rate":120,"discount":0,"amount":120},{"description":"","qty":1,"rate":0,"discount":0,"amount":0}]
INVOICE:107 JSON:[{"description":"New installation","qty":1,"rate":120,"discount":0,"amount":120}]
INVOICE:108 JSON:[{"description":"New installation","qty":1,"rate":120,"discount":0,"amount":120}]
INVOICE:109 JSON:[{"description":"New installation","qty":1,"rate":120,"discount":0,"amount":120},{"description":"","qty":1,"rate":0,"discount":0,"amount":0}]
INVOICE:1 JSON:[{"description":"New installation","qty":1,"rate":120,"discount":0,"amount":120},{"description":"","qty":1,"rate":0,"discount":0,"amount":0}]
INVOICE:2 JSON:[{"description":"New installation","qty":1,"rate":120,"discount":0,"amount":120},{"description":"","qty":1,"rate":0,"discount":0,"amount":0}]
INVOICE:3 JSON:[{"description":"New installation","qty":1,"rate":120,"discount":0,"amount":120},{"description":"","qty":1,"rate":0,"discount":0,"amount":0}]
INVOICE:4 JSON:[{"description":"New installation","qty":1,"rate":120,"discount":0,"amount":120},{"description":"","qty":1,"rate":0,"discount":0,"amount":0}]
INVOICE:5 JSON:[{"description":"New installation","qty":1,"rate":120,"discount":0,"amount":120},{"description":"Installing Items on it","qty":1,"rate":110,"discount":0,"amount":110},{"description":"","qty":1,"rate":0,"discount":0,"amount":0}]
INVOICE:6 JSON:[{"description":"New installation","qty":1,"rate":120,"discount":0,"amount":120},{"description":"","qty":1,"rate":0,"discount":0,"amount":0}]
INVOICE:7 JSON:[{"description":"New installation","qty":1,"rate":120,"discount":0,"amount":120},{"description":"","qty":1,"rate":0,"discount":0,"amount":0}]
INVOICE:8 JSON:[{"description":"Brake removal","qty":1,"rate":10,"discount":0,"amount":10},{"description":"","qty":1,"rate":0,"discount":0,"amount":0}]
INVOICE:10 JSON:[{"description":"New installation","qty":1,"rate":120,"discount":0,"amount":120},{"description":"","qty":1,"rate":0,"discount":0,"amount":0}]
INVOICE:11 JSON:[{"description":"New installation","qty":1,"rate":120,"discount":0,"amount":120},{"description":"","qty":1,"rate":0,"discount":0,"amount":0}]
INVOICE:12 JSON:[{"description":"New installation","qty":1,"rate":120,"discount":0,"amount":120},{"description":"","qty":1,"rate":0,"discount":0,"amount":0}]
INVOICE:13 JSON:[{"description":"New installation","qty":1,"rate":120,"discount":0,"amount":120},{"description":"","qty":1,"rate":0,"discount":0,"amount":0}]
INVOICE:14 JSON:[{"description":"Installing Items on it","qty":1,"rate":110,"discount":0,"amount":110},{"description":"","qty":1,"rate":0,"discount":0,"amount":0}]
INVOICE:15 JSON:[{"description":"New installation","qty":1,"rate":120,"discount":0,"amount":120},{"description":"","qty":1,"rate":0,"discount":0,"amount":0}]
INVOICE:16 JSON:[{"description":"New installation","qty":1,"rate":120,"discount":0,"amount":120},{"description":"","qty":1,"rate":0,"discount":0,"amount":0}]
INVOICE:17 JSON:[{"description":"New installation","qty":1,"rate":120,"discount":0,"amount":120},{"description":"","qty":1,"rate":0,"discount":0,"amount":0}]
INVOICE:19 JSON:[{"description":"New installation","qty":1,"rate":120,"discount":0,"amount":120},{"description":"Brake removal","qty":1,"rate":10,"discount":0,"amount":10},{"description":"Installing Items on it","qty":1,"rate":110,"discount":0,"amount":110},{"description":"","qty":1,"rate":0,"discount":0,"amount":0}]
INVOICE:20 JSON:[{"description":"New installation","qty":1,"rate":120,"discount":0,"amount":120},{"description":"Installing Items on it","qty":1,"rate":110,"discount":0,"amount":110}]
INVOICE:22 JSON:[{"description":"New installation","qty":1,"rate":120,"discount":0,"amount":120}]
INVOICE:27 JSON:[{"description":"New installation","qty":1,"rate":120,"discount":0,"amount":120},{"description":"","qty":1,"rate":0,"discount":0,"amount":0}]
INVOICE:28 JSON:[{"description":"New installation","qty":1,"rate":120,"discount":0,"amount":120},{"description":"Installing Items on it","qty":1,"rate":110,"discount":0,"amount":110},{"description":"Brake removal","qty":1,"rate":10,"discount":0,"amount":10}]
INVOICE:31 JSON:[{"description":"New installation","qty":1,"rate":120,"discount":0,"amount":120},{"description":"Brake removal","qty":1,"rate":10,"discount":0,"amount":10},{"description":"","qty":1,"rate":0,"discount":0,"amount":0}]
INVOICE:32 JSON:[{"description":"New installation","qty":1,"rate":120,"discount":0,"amount":120},{"description":"Brake removal","qty":1,"rate":10,"discount":0,"amount":10},{"description":"Installing Items on it","qty":1,"rate":110,"discount":0,"amount":110},{"description":"","qty":1,"rate":0,"discount":0,"amount":0}]
INVOICE:34 JSON:[{"description":"New installation","qty":1,"rate":120,"discount":0,"amount":120},{"description":"Installing Items on it","qty":1,"rate":110,"discount":0,"amount":110},{"description":"Brake removal","qty":1,"rate":10,"discount":0,"amount":10},{"description":"","qty":1,"rate":0,"discount":0,"amount":0}]
INVOICE:37 JSON:[{"description":"New installation","qty":1,"rate":120,"discount":0,"amount":120},{"description":"","qty":1,"rate":0,"discount":0,"amount":0}]
INVOICE:38 JSON:[{"description":"New installation","qty":1,"rate":120,"discount":0,"amount":120},{"description":"","qty":1,"rate":0,"discount":0,"amount":0}]
INVOICE:40 JSON:[{"description":"New installation","qty":1,"rate":120,"discount":0,"amount":120},{"description":"","qty":1,"rate":0,"discount":0,"amount":0}]
INVOICE:45 JSON:[{"description":"Brake removal","qty":1,"rate":10,"discount":0,"amount":10},{"description":"","qty":1,"rate":0,"discount":0,"amount":0}]
INVOICE:46 JSON:[{"description":"New installation","qty":1,"rate":120,"discount":0,"amount":120}]
INVOICE:48 JSON:[{"description":"New installation","qty":1,"rate":120,"discount":0,"amount":120}]
INVOICE:49 JSON:[{"description":"New installation","qty":1,"rate":120,"discount":0,"amount":120}]
INVOICE:50 JSON:[{"description":"New installation","qty":1,"rate":120,"discount":0,"amount":120}]
INVOICE:52 JSON:[{"description":"New installation","qty":1,"rate":120,"discount":0,"amount":120}]
INVOICE:53 JSON:[{"description":"Installing Items on it","qty":1,"rate":110,"discount":0,"amount":110}]
INVOICE:55 JSON:[{"description":"Installing Items on it","qty":1,"rate":110,"discount":0,"amount":110},{"description":"","qty":1,"rate":0,"discount":0,"amount":0}]
INVOICE:56 JSON:[{"description":"Installing Items on it","qty":1,"rate":110,"discount":0,"amount":110},{"description":"","qty":1,"rate":0,"discount":0,"amount":0}]
INVOICE:57 JSON:[{"description":"Installing Items on it","qty":1,"rate":110,"discount":0,"amount":110},{"description":"","qty":1,"rate":0,"discount":0,"amount":0}]
INVOICE:58 JSON:[{"description":"New installation","qty":1,"rate":120,"discount":0,"amount":120},{"description":"","qty":1,"rate":0,"discount":0,"amount":0}]
INVOICE:59 JSON:[{"description":"New installation","qty":1,"rate":120,"discount":0,"amount":120},{"description":"","qty":1,"rate":0,"discount":0,"amount":0}]
INVOICE:60 JSON:[{"description":"New installation","qty":1,"rate":120,"discount":0,"amount":120},{"description":"","qty":1,"rate":0,"discount":0,"amount":0}]
INVOICE:61 JSON:[{"description":"New installation","qty":1,"rate":120,"discount":0,"amount":120},{"description":"","qty":1,"rate":0,"discount":0,"amount":0}]
INVOICE:62 JSON:[{"description":"New installation","qty":1,"rate":120,"discount":0,"amount":120},{"description":"","qty":1,"rate":0,"discount":0,"amount":0}]
INVOICE:63 JSON:[{"description":"New installation","qty":1,"rate":120,"discount":0,"amount":120},{"description":"","qty":1,"rate":0,"discount":0,"amount":0}]
INVOICE:64 JSON:[{"description":"New installation","qty":1,"rate":120,"discount":0,"amount":120},{"description":"","qty":1,"rate":0,"discount":0,"amount":0}]
INVOICE:65 JSON:[{"description":"New installation","qty":1,"rate":120,"discount":0,"amount":120},{"description":"","qty":1,"rate":0,"discount":0,"amount":0}]
INVOICE:66 JSON:[{"description":"New installation","qty":1,"rate":120,"discount":0,"amount":120},{"description":"","qty":1,"rate":0,"discount":0,"amount":0}]
INVOICE:67 JSON:[{"description":"Brake removal","qty":1,"rate":10,"discount":0,"amount":10},{"description":"","qty":1,"rate":0,"discount":0,"amount":0}]
INVOICE:69 JSON:[{"description":"Installing Items on it","qty":1,"rate":110,"discount":0,"amount":110},{"description":"","qty":1,"rate":0,"discount":0,"amount":0}]
INVOICE:70 JSON:[{"description":"Installing Items on it","qty":1,"rate":110,"discount":0,"amount":110},{"description":"","qty":1,"rate":0,"discount":0,"amount":0}]
INVOICE:71 JSON:[{"description":"Brake removal","qty":1,"rate":10,"discount":0,"amount":10},{"description":"","qty":1,"rate":0,"discount":0,"amount":0}]
INVOICE:72 JSON:[{"description":"Brake Adjustments","qty":1,"rate":20,"discount":0,"amount":20},{"description":"","qty":1,"rate":0,"discount":0,"amount":0}]
INVOICE:73 JSON:[{"description":"New installation","qty":1,"rate":120,"discount":0,"amount":120},{"description":"","qty":1,"rate":0,"discount":0,"amount":0}]
INVOICE:74 JSON:[{"description":"New installation","qty":1,"rate":120,"discount":0,"amount":120},{"description":"","qty":1,"rate":0,"discount":0,"amount":0}]
INVOICE:75 JSON:[{"description":"Installing Items on it","qty":1,"rate":110,"discount":0,"amount":110},{"description":"","qty":1,"rate":0,"discount":0,"amount":0}]
INVOICE:76 JSON:[{"description":"Brake removal","qty":1,"rate":10,"discount":0,"amount":10},{"description":"","qty":1,"rate":0,"discount":0,"amount":0}]
INVOICE:77 JSON:[{"description":"Brake removal","qty":1,"rate":10,"discount":0,"amount":10},{"description":"","qty":1,"rate":0,"discount":0,"amount":0}]
INVOICE:78 JSON:[{"description":"New installation","qty":1,"rate":120,"discount":0,"amount":120}]
INVOICE:79 JSON:[{"description":"New installation","qty":1,"rate":120,"discount":0,"amount":120}]
INVOICE:80 JSON:[{"description":"New installation","qty":1,"rate":120,"discount":0,"amount":120}]
INVOICE:81 JSON:[{"description":"Disk Brake","qty":1,"rate":10,"discount":0,"amount":10}]
INVOICE:82 JSON:[{"description":"New installation","qty":1,"rate":120,"discount":0,"amount":120}]
INVOICE:83 JSON:[{"description":"Turbo","qty":10,"rate":250,"discount":0,"amount":2500}]
INVOICE:84 JSON:[{"description":"Turbo","qty":10,"rate":250,"discount":0,"amount":2500},{"description":"","qty":1,"rate":0,"discount":0,"amount":0}]
INVOICE:85 JSON:[{"description":"Turbo","qty":11,"rate":250,"discount":0,"amount":2750}]
INVOICE:86 JSON:[{"description":"Turbo","qty":4,"rate":250,"discount":0,"amount":1000}]
INVOICE:86 JSON:[{"description":"Turbo","qty":4,"rate":250,"discount":0,"amount":1000},{"description":"","qty":1,"rate":0,"discount":0,"amount":0}]
INVOICE:87 JSON:[{"description":"Turbo","qty":1,"rate":250,"discount":0,"amount":250}]
INVOICE:88 JSON:[{"description":"Turbo","qty":1,"rate":250,"discount":0,"amount":250}]
INVOICE:89 JSON:[{"description":"New installation","qty":1,"rate":120,"discount":0,"amount":120}]
INVOICE:90 JSON:[{"description":"Turbo","qty":1,"rate":250,"discount":0,"amount":250}]
INVOICE:91 JSON:[{"description":"New installation","qty":1,"rate":120,"discount":0,"amount":120},{"description":"Turbo","qty":1,"rate":250,"discount":0,"amount":250}]
INVOICE:93 JSON:[{"description":"Turbo","qty":1,"rate":250,"discount":0,"amount":250},{"description":"","qty":1,"rate":0,"discount":0,"amount":0}]
INVOICE:93 JSON:[{"description":"New installation","qty":1,"rate":120,"discount":0,"amount":120},{"description":"","qty":1,"rate":0,"discount":0,"amount":0}]
INVOICE:96 JSON:[{"description":"New installation","qty":1,"rate":120,"discount":0,"amount":120},{"description":"Turbo","qty":1,"rate":250,"discount":0,"amount":250}]
INVOICE:74 JSON:[{"description":"","qty":1,"rate":0,"discount":0,"amount":0}]
INVOICE:74 JSON:[{"description":"","qty":1,"rate":0,"discount":0,"amount":0}]
INVOICE:74 JSON:[{"description":"","qty":1,"rate":0,"discount":0,"amount":0}]
INVOICE:75 JSON:[{"description":"Brake removal","qty":1,"rate":10,"discount":0,"amount":10},{"description":"New installation","qty":1,"rate":110,"discount":0,"amount":110}]
INVOICE:1 JSON:[{"description":"New installation","qty":1,"rate":120,"discount":0,"amount":120}]
INVOICE:4 JSON:[{"description":"Oil change","qty":1,"rate":5,"discount":0,"amount":5}]
INVOICE:1 JSON:[{"description":"New installation","qty":1,"rate":120,"discount":0,"amount":120}]
INVOICE:2 JSON:[{"description":"Installing Items on it","qty":1,"rate":50,"discount":0,"amount":50}]
INVOICE:3 JSON:[{"description":"New installation","qty":1,"rate":120,"discount":0,"amount":120}]
INVOICE:4 JSON:[{"description":"New installation","qty":1,"rate":120,"discount":0,"amount":120}]
INVOICE:5 JSON:[{"description":"Brake Adjustments","qty":1,"rate":20,"discount":0,"amount":20}]
INVOICE:6 JSON:[{"description":"New installation","qty":1,"rate":120,"discount":0,"amount":120}]
INVOICE:7 JSON:[{"description":"New installation","qty":1,"rate":120,"discount":0,"amount":120}]
INVOICE:8 JSON:[{"description":"New installation","qty":1,"rate":120,"discount":0,"amount":120}]
INVOICE:9 JSON:[{"description":"Brake removal","qty":1,"rate":10,"discount":0,"amount":10}]
INVOICE:10 JSON:[{"description":"Brake removal","qty":1,"rate":15,"discount":0,"amount":15}]
INVOICE:11 JSON:[{"description":"New installation","qty":1,"rate":100,"discount":0,"amount":100}]
INVOICE:12 JSON:[{"description":"Brake removal","qty":1,"rate":20,"discount":0,"amount":20}]
INVOICE:13 JSON:[{"description":"Brake removal","qty":1,"rate":18,"discount":0,"amount":18}]
INVOICE:14 JSON:[{"description":"New installation","qty":1,"rate":120,"discount":0,"amount":120}]
INVOICE:15 JSON:[{"description":"New installation","qty":1,"rate":120,"discount":0,"amount":120}]
INVOICE:16 JSON:[{"description":"New installation","qty":1,"rate":120,"discount":0,"amount":120}]
INVOICE:17 JSON:[{"description":"New installation","qty":1,"rate":110,"discount":0,"amount":110}]
INVOICE:18 JSON:[{"description":"New installation","qty":1,"rate":120,"discount":0,"amount":120}]
INVOICE:19 JSON:[{"description":"Brake Adjustments","qty":1,"rate":1,"discount":0,"amount":1}]
INVOICE:20 JSON:[{"description":"New installation","qty":1,"rate":120,"discount":0,"amount":120}]
INVOICE:21 JSON:[{"description":"New installation","qty":1,"rate":120,"discount":0,"amount":120}]
INVOICE:22 JSON:[{"description":"Installing Items on it","qty":1,"rate":90,"discount":0,"amount":90}]
INVOICE:23 JSON:[{"description":"New installation","qty":1,"rate":100,"discount":0,"amount":100}]
INVOICE:24 JSON:[{"description":"Brake Adjustments","qty":1,"rate":5,"discount":0,"amount":5}]
INVOICE:25 JSON:[{"description":"Brake Adjustments","qty":1,"rate":1,"discount":0,"amount":1}]
INVOICE:26 JSON:[{"description":"Brake removal","qty":1,"rate":20,"discount":0,"amount":20}]
INVOICE:27 JSON:[{"description":"Installing Items on it","qty":1,"rate":90,"discount":0,"amount":90}]
INVOICE:28 JSON:[{"description":"New installation","qty":1,"rate":130,"discount":0,"amount":130}]
INVOICE:29 JSON:[{"description":"New installation","qty":1,"rate":100,"discount":0,"amount":100}]
INVOICE:30 JSON:[{"description":"New installation","qty":1,"rate":120,"discount":0,"amount":120}]
INVOICE:31 JSON:[{"description":"New installation","qty":1,"rate":100,"discount":0,"amount":100}]
INVOICE:32 JSON:[{"description":"New installation","qty":1,"rate":120,"discount":0,"amount":120}]
INVOICE:33 JSON:[{"description":"New installation","qty":1,"rate":110,"discount":0,"amount":110}]
INVOICE:34 JSON:[{"description":"Brake Adjustments","qty":1,"rate":60,"discount":0,"amount":60}]
INVOICE:35 JSON:[{"description":"New installation","qty":1,"rate":120,"discount":0,"amount":120}]
INVOICE:36 JSON:[{"description":"New installation","qty":1,"rate":80,"discount":0,"amount":80}]
INVOICE:37 JSON:[{"description":"New installation","qty":1,"rate":100,"discount":0,"amount":100}]
INVOICE:38 JSON:[{"description":"Installing Items on it","qty":1,"rate":60,"discount":0,"amount":60}]
INVOICE:39 JSON:[{"description":"New installation","qty":1,"rate":110,"discount":0,"amount":110}]
INVOICE:40 JSON:[{"description":"New installation","qty":1,"rate":120,"discount":0,"amount":120}]
INVOICE:41 JSON:[{"description":"Brake removal","qty":1,"rate":10,"discount":0,"amount":10}]
INVOICE:42 JSON:[{"description":"New installation","qty":1,"rate":60,"discount":0,"amount":60}]
INVOICE:43 JSON:[{"description":"New installation","qty":1,"rate":100,"discount":0,"amount":100}]
INVOICE:44 JSON:[{"description":"New installation","qty":1,"rate":110,"discount":0,"amount":110}]
INVOICE:45 JSON:[{"description":"New installation","qty":1,"rate":100,"discount":0,"amount":100}]
INVOICE:46 JSON:[{"description":"New installation","qty":1,"rate":110,"discount":0,"amount":110}]
INVOICE:47 JSON:[{"description":"Brake removal","qty":1,"rate":10,"discount":0,"amount":10}]
INVOICE:48 JSON:[{"description":"Brake removal","qty":1,"rate":10,"discount":0,"amount":10}]
INVOICE:49 JSON:[{"description":"New installation","qty":1,"rate":100,"discount":0,"amount":100}]
INVOICE:50 JSON:[{"description":"New installation","qty":1,"rate":100,"discount":0,"amount":100}]
INVOICE:51 JSON:[{"description":"New installation","qty":1,"rate":120,"discount":0,"amount":120}]
INVOICE:52 JSON:[{"description":"Brake removal","qty":1,"rate":12,"discount":0,"amount":12}]
INVOICE:53 JSON:[{"description":"New installation","qty":1,"rate":120,"discount":0,"amount":120}]
INVOICE:54 JSON:[{"description":"New installation","qty":1,"rate":120,"discount":0,"amount":120}]
INVOICE:55 JSON:[{"description":"New installation","qty":1,"rate":100,"discount":0,"amount":100}]
INVOICE:56 JSON:[{"description":"New installation","qty":1,"rate":180,"discount":0,"amount":180}]
INVOICE:57 JSON:[{"description":"New installation","qty":1,"rate":100,"discount":0,"amount":100}]
INVOICE:58 JSON:[{"description":"New installation","qty":1,"rate":120,"discount":0,"amount":120}]
INVOICE:59 JSON:[{"description":"New installation","qty":1,"rate":120,"discount":0,"amount":120}]
INVOICE:60 JSON:[{"description":"New installation","qty":1,"rate":110,"discount":0,"amount":110}]
INVOICE:61 JSON:[{"description":"New installation","qty":1,"rate":120,"discount":0,"amount":120}]
INVOICE:62 JSON:[{"description":"Installing Items on it","qty":1,"rate":85,"discount":0,"amount":85}]
INVOICE:63 JSON:[{"description":"Brake removal","qty":1,"rate":10,"discount":0,"amount":10}]
INVOICE:64 JSON:[{"description":"New installation","qty":1,"rate":120,"discount":0,"amount":120}]
INVOICE:1 JSON:[{"description": "Persist Service", "qty": 1, "rate": 30.0, "discount": 0, "service_id": 1}, {"description": "Brake Pad", "qty": 2, "rate": 20.0, "discount": 0, "part_id": 1}]
INVOICE:1 JSON:[{"description": "Persist Service", "qty": 1, "rate": 30.0, "discount": 0, "service_id": 1}, {"description": "Brake Pad", "qty": 2, "rate": 20.0, "discount": 0, "part_id": 1}]
INVOICE:74 JSON:[{"description":"Oil change","qty":1,"rate":5,"discount":0,"amount":5,"service_id":2},{"part_id":"9","description":"oil","qty":1,"rate":150,"discount":0,"amount":150}]
INVOICE:1 JSON:[{"description": "Persist Service", "qty": 1, "rate": 30.0, "discount": 0, "service_id": 1}, {"description": "Brake Pad", "qty": 2, "rate": 20.0, "discount": 0, "part_id": 1}]
INVOICE:1 JSON:[{"description": "Persist Service", "qty": 1, "rate": 30.0, "discount": 0, "service_id": 1}, {"description": "Brake Pad", "qty": 2, "rate": 20.0, "discount": 0, "part_id": 1}]
INVOICE:1 JSON:[{"description": "Persist Service", "qty": 1, "rate": 30.0, "discount": 0, "service_id": 1}, {"description": "Brake Pad", "qty": 2, "rate": 20.0, "discount": 0, "part_id": 1}]
INVOICE:1 JSON:[{"description": "Persist Service", "qty": 1, "rate": 30.0, "discount": 0, "service_id": 1}, {"description": "Brake Pad", "qty": 2, "rate": 20.0, "discount": 0, "part_id": 1}]
INVOICE:1 JSON:[{"description": "Persist Service", "qty": 1, "rate": 30.0, "discount": 0, "service_id": 1}, {"description": "Brake Pad", "qty": 2, "rate": 20.0, "discount": 0, "part_id": 1}]
INVOICE:1 JSON:[{"description": "Persist Service", "qty": 1, "rate": 30.0, "discount": 0, "service_id": 1}, {"description": "Brake Pad", "qty": 2, "rate": 20.0, "discount": 0, "part_id": 1}]
INVOICE:1 JSON:[{"description": "Persist Service", "qty": 1, "rate": 30.0, "discount": 0, "service_id": 1}, {"description": "Brake Pad", "qty": 2, "rate": 20.0, "discount": 0, "part_id": 1}]
INVOICE:1 JSON:[{"description": "Persist Service", "qty": 1, "rate": 30.0, "discount": 0, "service_id": 1}, {"description": "Brake Pad", "qty": 2, "rate": 20.0, "discount": 0, "part_id": 1}]
INVOICE:1 JSON:[{"description": "Persist Service", "qty": 1, "rate": 30.0, "discount": 0, "service_id": 1}, {"description": "Brake Pad", "qty": 2, "rate": 20.0, "discount": 0, "part_id": 1}]
INVOICE:78 JSON:[{"description":"Installing Items on it","qty":1,"rate":100,"discount":0,"amount":100,"service_id":7},{"part_id":"7","description":"iron","qty":1,"rate":20,"discount":0,"amount":20}]
INVOICE:79 JSON:[{"description":"Brake removal","qty":1,"rate":10,"discount":0,"amount":10,"service_id":4}]
